U
R
R
R
D
D
D
D
D
D
R
D
D
R
R
R
D
D
L
R
U
U
U
U
U
U
U
L
L
L
L
L
L
R
D
D
D
R
R
D
U
U
R
R
R
R
U
U
L
L
L
L
L
U
L
L
L
L
L
R
R
U
D
D
D
D
R
D
D
D
D
D
R
R
R
L
U
U
R
U
U
U
R
U
U
U
U
R
R
R
R
L
D
D
D
D
D
D
D
L
L
L
L
L
D
L
R
U
R
U
U
U
R
U
U
U
U
U
U
D
D
D
D
D
D
D
L
L
L
D
U
U
U
U
U
R
U
U
R
R
R
R
R
R
U
D
D
L
D
D
D
D
D
D
D
L
L
L
L
R
R
U
R
R
R
L
U
U
U
U
L
L
L
L
L
U
L
L
U
